// Jest Snapshot v1, https://goo.gl/fbAQLP

exports[`Product renders properly 1`] = `ShallowWrapper {}`;
